[hcde-texas.org/index.html]
[backblue.gif]
[fade.gif]
[index.html]
[ajax.googleapis.com/ajax/libs/webfont/1.5.3/webfont.js]
[hcde-texas.org/media/uploads/2018/09/HCDE-Profile-Icon-Color-e1537468512473.png]
[use.typekit.net/vfn0yjg.css]
[connect.facebook.net/en_US/fbevents.js]
[hcde-texas.org/media/cache/nextend/web/n2/n2c7ac.js]
[hcde-texas.org/media/plugins/nextend-smart-slider3-pro/nextend/media/dist/nextend-gsap.minf62f.js]
[hcde-texas.org/media/plugins/nextend-smart-slider3-pro/nextend/media/dist/nextend-frontend.min859f.js]
[hcde-texas.org/media/plugins/nextend-smart-slider3-pro/library/media/dist/smartslider-frontend.min83f6.js]
[hcde-texas.org/media/plugins/nextend-smart-slider3-pro/library/media/plugins/type/simple/simple/dist/smartslider-simple-type-frontend.min231c.js]
[hcde-texas.org/media/plugins/nextend-smart-slider3-pro/nextend/media/dist/nextend-webfontloader.minf62f.js]
[hcde-texas.org/media/cache/nextend/web/n2-ss-26/n2-ss-264a54.js]
[hcde-texas.org/media/cache/nextend/web/n2-ss-21/n2-ss-217476.js]
[hcde-texas.org/media/cache/autoptimize/js/autoptimize_4c86a4bb002eb756f6aa929f3bcd5b8a.js]
[hcde-texas.org/afterschool-zone/index.html]
[hcde-texas.org/contact/index.html]
[hcde-texas.org/faq/index.html]
[hcde-texas.org/calendar.e.delayed]
[hcde-texas.org/calendar/index.html]
[hcde-texas.org/administrator/admin-ajax.html]
[hcde-texas.org/media/uploads/2020/06/Earn-My-GED.pdf]
[hcde-texas.org/about-hcde/index.html]
[hcde-texas.org/impact/index.html]
[hcde-texas.org/media/uploads/2019/01/Adult-Ed-Web-Calendar-Workforce-1.pdf]
[hcde-texas.org/media/plugins/hmenu/index.html]
[hcde-texas.org/about-hcde/organizational-map/index.html]
[hcde-texas.org/media/uploads/2019/08/20190424_Therapy_0287.jpg]
[hcde-texas.org/hcde-profile/index.html]
[hcde-texas.org/media/uploads/2020/09/new-e1600106175511.png]
[hcde-texas.org/mission-vission/index.html]
[hcde-texas.org/superintendent/index.html]
[hcde-texas.org/media/uploads/2019/05/Community-Impact-Ad-Half-Page-Horizontal.jpg]
[hcde-texas.org/executive-leadership-team/index.html]
[hcde-texas.org/impact]
[hcde-texas.org/leadership-team/index.html]
[hcde-texas.org/divisions/index.html]
[hcde-texas.org/media/uploads/2020/02/TopWorkplaceWebBanner2048x768.jpg]
[hcde-texas.org/districts-served/index.html]
[hcde-texas.org/media/uploads/2018/10/teacher-2-1.png]
[hcde-texas.org/education-foundation/index.html]
[hcde-texas.org/media/uploads/2018/09/headstart-white.png]
[hcde-texas.org/public-information-request/index.html]
[hcde-texas.org/media/uploads/2018/09/case-white-logo.png]
[hcde-texas.org/media/uploads/2018/09/Therapy-Services-Logo-Web-Icon.png]
[hcde-texas.org/schools/index.html]
[hcde-texas.org/schools/west/index.html]
[hcde-texas.org/media/uploads/2018/09/Research-Evaluation-bottom-3-2.png]
[hcde-texas.org/schools/east/index.html]
[hcde-texas.org/media/uploads/2018/10/icon-school-white.png]
[hcde-texas.org/schools/fortis-academy/index.html]
[hcde-texas.org/schools/highpoint/index.html]
[hcde-texas.org/head-start/index.html]
[hcde-texas.org/schools]
[hcde-texas.org/after-school/index.html]
[hcde-texas.org/adult-education/index.html]
[hcde-texas.org/media/uploads/2018/12/good-news-yellow-sun-logo-white.png]
[hcde-texas.org/school-therapy/index.html]
[hcde-texas.org/scholastic-awards/index.html]
[hcde-texas.org/media/uploads/2020/09/IMG_2017.jpg]
[hcde-texas.org/safe-and-secure-schools/index.html]
[hcde-texas.org/media/uploads/2020/09/CSSS-Screenshot.jpg]
[hcde-texas.org/safe-and-secure-schools/emergency-planning/index.html]
[hcde-texas.org/media/uploads/2020/09/JPEG-EHS.jpg]
[hcde-texas.org/media/uploads/2020/09/chase-1.jpg]
[hcde-texas.org/safe-and-secure-schools/culture-climate/index.html]
[hcde-texas.org/safe-and-secure-schools/facility-auditing/index.html]
[hcde-texas.org/media/uploads/2020/08/IMG_3574.jpg]
[pbs.twimg.com/profile_images/1134181307427250178/XVzME5qL_normal.png]
[hcde-texas.org/csss-workshops/index.html]
[hcde-texas.org/grants/index.html]
[hcde-texas.org/media/uploads/2020/08/tlc-flyer-2.jpg]
[hcde-texas.org/grants/who-are/index.html]
[hcde-texas.org/grants/consultants/index.html]
[hcde-texas.org/media/uploads/2020/08/20181010_MENtors_0206.jpg]
[hcde-texas.org/grants/writing/index.html]
[hcde-texas.org/teach-and-lead/index.html]
[hcde-texas.org/teach-and-lead/teacher-certification/index.html]
[hcde-texas.org/hcde-texas.org/media/uploads/2018/07/youtube_PNG18-copy.29.delayed]
[hcde-texas.org/teach-and-lead/principal-certification/index.html]
[hcde-texas.org/teach-and-lead/superintendent-certification/index.html]
[hcde-texas.org/media/uploads/2018/01/423A6227.2a.delayed]
[hcde-texas.org/teach-and-lead/leadership-development/index.html]
[hcde-texas.org/teaching-and-learning-center/index.html]
[hcde-texas.org/teaching-and-learning-center/digital-learning/index.html]
[hcde-texas.org/teaching-and-learning-center/early-childhood/index.html]
[hcde-texas.org/media/uploads/2018/02/adulted.png]
[hcde-texas.org/teaching-and-learning-center/ela/index.html]
[hcde-texas.org/media/uploads/2018/06/303-compressor.jpg]
[hcde-texas.org/teaching-and-learning-center/math/index.html]
[hcde-texas.org/teaching-and-learning-center/leadership/index.html]
[hcde-texas.org/media/uploads/2017/08/423A0989-1.jpg]
[hcde-texas.org/teaching-and-learning-center/science/index.html]
[hcde-texas.org/media/uploads/2018/02/after.png]
[hcde-texas.org/teaching-and-learning-center/special-populations/index.html]
[hcde-texas.org/media/uploads/2018/06/kast-test-compressor.png]
[hcde-texas.org/media/uploads/2018/07/20180427_TeenSummit_0210-compressor.jpg]
[hcde-texas.org/choice-partners/index.html]
[hcde-texas.org/records-management/index.html]
[hcde-texas.org/media/uploads/2017/08/two-graduate-students-red.png]
[hcde-texas.org/teach-and-lead/texes-exam-preparation/index.html]
[hcde-texas.org/media/uploads/2018/07/Amari-1-copy.jpg]
[hcde-texas.org/human-resources/employee-portal/index.html]
[hcde-texas.org/media/uploads/2018/02/26731306_10156081047199510_1843965391733217205_n.jpg]
[hcde-texas.org/media/uploads/2018/02/gear.png]
[hcde-texas.org/human-resources/index.html]
[hcde-texas.org/board-trustees/index.html]
[hcde-texas.org/board-trustees/meet-the-board/index.html]
[hcde-texas.org/media/uploads/2018/06/kati-test-compressor.png]
[hcde-texas.org/board-trustees/board-agenda/index.html]
[hcde-texas.org/media/uploads/2018/09/Choice-Partners-Icon-Color-1-e1537468541810.png]
[hcde-texas.org/board-trustees/board-minutes/index.html]
[hcde-texas.org/media/uploads/2018/09/HCDE-Star-x95.png]
[hcde-texas.org/board-trustees/election-process/index.html]
[hcde-texas.org/transparency/budget-archives/index.html]
[hcde-texas.org/hcde-profile.38.delayed]
[hcde-texas.org/transparency/index.html]
[hcde-texas.org/media/uploads/2018/09/tlc-division.png]
[hcde-texas.org/media/uploads/2018/09/icon-dollar-signs-e1537879188698-2-e1537880659873.png]
[hcde-texas.org/media/uploads/2019/03/Resources-Icon.png]
[hcde-texas.org/index.html]
[hcde-texas.org/transparency/contracts-procurement/operations/index.html]
[hcde-texas.org/transparency/contracts-procurement/index.html]
[hcde-texas.org/transparency/debt-obligations/index.html]
[hcde-texas.org/wp-includes/fonts/dashicons.eot]
[hcde-texas.org/transparency/financial-reports/index.html]
[hcde-texas.org/transparency/financial-summary/index.html]
[hcde-texas.org/media/plugins/wp-carousel-free/public/css/ajax-loader.gif]
[hcde-texas.org/media/plugins/wp-carousel-free/public/fonts/fontawesome-webfont3e6e.eot]
[hcde-texas.org/transparency/monthly-reports/index.html]
[hcde-texas.org/transparency/tax-rate/index.html]
[hcde-texas.org/fraud-prevention/index.html]
[hcde-texas.org/media/plugins/live-composer-page-builder/css/AjaxLoader.40.delayed]
[hcde-texas.org/business-services/school-finance-council/index.html]
[hcde-texas.org/workshop-registration/index.html]
[hcde-texas.org/media/plugins/live-composer-page-builder/css/font/fontawesome-webfont047b.eot]
[hcde-texas.org/2020/09/11/harris-county-school-districts-bolstered-during-pandemic-with-200000-grant-funding-from-education-foundation-harris-county/index.html]
[hcde-texas.org/2020/09/11/center-for-safe-and-secure-schools-adds-covid-checklist-performs-school-safety-audits/index.html]
[hcde-texas.org/2020/09/11/the-benefit-argument-cousins-named-elite-usa-debate-teams-through-case-debates/index.html]
[hcde-texas.org/media/uploads/2018/04/421A9784.42.delayed]
[hcde-texas.org/2020/09/03/online-instructors-training-builds-teacher-confidence-virtual-classroom/index.html]
[hcde-texas.org/2020/08/26/families-share-beginning-virtual-semester-hcde-school-for-students-with-learning-disabilities/index.html]
[hcde-texas.org/media/themes/generatepress/fonts/fontawesome-webfont.eot]
[hcde-texas.org/events/tlc-science-houston-science-leadership-association-meeting/index.html]
[hcde-texas.org/media/plugins/calendarize-it/css/fonts/social-iconsae98.eot]
[hcde-texas.org/media/plugins/nextend-smart-slider3-pro/nextend/media/icons/fontawesome/files/fontawesome-webfont3e6e.eot]
[hcde-texas.org/events/tlc-special-populations-master-integrating-reading-and-writing-the-bilingual-and-esl-classroom/index.html]
[hcde-texas.org/events/tlc-science-teaching-chemistry-with-childrens-literature/index.html]
[hcde-texas.org/media/plugins/nextend-smart-slider3-pro/nextend/media/icons/icomoon/files/icomoon9f83.eot]
[hcde-texas.org/events/tlc-science-teaching-physics-with-childrens-literature/index.html]
[hcde-texas.org/media/uploads/2018/06/youtube-compressor-2.jpg]
[hcde-texas.org/media/cache/autoptimize/css/autoptimize_3636045db8e09a8f0984ed2315bf64bc.css]
[hcde-texas.org/events/tlc-harris-county-social-studies-leadership-team/index.html]
[hcde-texas.org/events/tlc-ela-harris-county-ela-leadership-team/index.html]
[hcde-texas.org/events/tlc-special-populations-increasing-english-learners-student-growth-and-progress/index.html]
[hcde-texas.org/events/tlc-ela-staar-academy-eoc-essay-success-grades/index.html]
[hcde-texas.org/events/tlc-science-start-with-story-zacks-alligator/index.html]
[hcde-texas.org/events/tlc-science-start-with-story-two-bad-ants/index.html]
[hcde-texas.org/events/tlc-science-start-with-story-gregory-the-terrible-eater/index.html]
[hcde-texas.org/events/tlc-science-start-with-story-diary-worm/index.html]
[hcde-texas.org/events/tlc-sel-creating-culturally-relevant-campus-culture/index.html]
[hcde-texas.org/events/tlc-special-populations-capturing-kids-hearts/index.html]
[use.typekit.net/af/c3156c/00000000000000003b9ae8de/27/le196]
[hcde-texas.org/events/tlc-leadership-building-culture-even-virtually/index.html]
[hcde-texas.org/events/tlc-special-populations-harris-county-special-populations-leadership-team/index.html]
[hcde-texas.org/events/tlc-sel-creating-culturally-relevant-campus-culture-2/index.html]
[hcde-texas.org/events/tlc-ela-examining-craft-moves-grades-creating-responsive-text-sets/index.html]
[hcde-texas.org/events/tlc-ela-examining-craft-moves-grades-creating-responsive-text-sets-2/index.html]
[hcde-texas.org/events/head-start-begins-person-instruction/index.html]
[hcde-texas.org/rhc-past-events/0/index.html]
[hcde-texas.org/rhc-upcoming-events/1/index.html]
[hcde-texas.org/resources/index.html]
[hcde-texas.org/home/title/index.html]
[hcde-texas.org/staff-directory/index.html]
[hcde-texas.org/website-support/index.html]
[use.typekit.net/af/c3156c/00000000000000003b9ae8de/27/ae196]
[use.typekit.net/af/1100b4/00000000000000003b9ae8df/27/l7188]
[use.typekit.net/af/1100b4/00000000000000003b9ae8df/27/d7188]
[use.typekit.net/af/1100b4/00000000000000003b9ae8df/27/a7188]
[use.typekit.net/af/d58aa1/00000000000000003b9ae8e0/27/l652f]
[use.typekit.net/af/d58aa1/00000000000000003b9ae8e0/27/d652f]
[use.typekit.net/af/d58aa1/00000000000000003b9ae8e0/27/a652f]
[use.typekit.net/af/ea98f6/00000000000000003b9ae8e5/27/le196]
[use.typekit.net/af/ea98f6/00000000000000003b9ae8e5/27/de196]
[use.typekit.net/af/ea98f6/00000000000000003b9ae8e5/27/ae196]
[use.typekit.net/af/372551/00000000000000003b9ae8e7/27/l652f]
[use.typekit.net/af/372551/00000000000000003b9ae8e7/27/d652f]
[use.typekit.net/af/372551/00000000000000003b9ae8e7/27/a652f]
[use.typekit.net/af/a1a121/00000000000000003b9ae8ec/27/le196]
[use.typekit.net/af/a1a121/00000000000000003b9ae8ec/27/de196]
[use.typekit.net/af/a1a121/00000000000000003b9ae8ec/27/ae196]
[use.typekit.net/af/4b637b/00000000000000003b9ae8ee/27/l652f]
[use.typekit.net/af/4b637b/00000000000000003b9ae8ee/27/d652f]
[use.typekit.net/af/4b637b/00000000000000003b9ae8ee/27/a652f]
[use.typekit.net/af/322f06/00000000000000003b9ae8f3/27/le196]
[use.typekit.net/af/322f06/00000000000000003b9ae8f3/27/de196]
[use.typekit.net/af/322f06/00000000000000003b9ae8f3/27/ae196]
[use.typekit.net/af/26c587/00000000000000003b9ae8f5/27/l652f]
[use.typekit.net/af/26c587/00000000000000003b9ae8f5/27/d652f]
[use.typekit.net/af/26c587/00000000000000003b9ae8f5/27/a652f]
[use.typekit.net/af/9364c0/00000000000000003b9ae8f9/27/l6651]
[use.typekit.net/af/9364c0/00000000000000003b9ae8f9/27/d6651]
[use.typekit.net/af/9364c0/00000000000000003b9ae8f9/27/a6651]
[use.typekit.net/af/9c4ca1/00000000000000003b9ae8fa/27/le196]
[use.typekit.net/af/9c4ca1/00000000000000003b9ae8fa/27/de196]
[use.typekit.net/af/9c4ca1/00000000000000003b9ae8fa/27/ae196]
[use.typekit.net/af/234bee/00000000000000003b9ae8fc/27/l652f]
[use.typekit.net/af/234bee/00000000000000003b9ae8fc/27/d652f]
[use.typekit.net/af/234bee/00000000000000003b9ae8fc/27/a652f]
[use.typekit.net/af/3a9245/00000000000000003b9ae8fe/27/l9d3c]
[use.typekit.net/af/3a9245/00000000000000003b9ae8fe/27/d9d3c]
[use.typekit.net/af/3a9245/00000000000000003b9ae8fe/27/a9d3c]
[use.typekit.net/af/fdeb24/00000000000000003b9ae901/27/le196]
[use.typekit.net/af/fdeb24/00000000000000003b9ae901/27/de196]
[use.typekit.net/af/fdeb24/00000000000000003b9ae901/27/ae196]
[use.typekit.net/af/2566bd/00000000000000003b9ae903/27/l652f]
[use.typekit.net/af/2566bd/00000000000000003b9ae903/27/d652f]
[use.typekit.net/af/2566bd/00000000000000003b9ae903/27/a652f]
[use.typekit.net/af/a193b7/00000000000000003b9ae908/27/le196]
[use.typekit.net/af/a193b7/00000000000000003b9ae908/27/de196]
[use.typekit.net/af/a193b7/00000000000000003b9ae908/27/ae196]
[use.typekit.net/af/13e7c0/00000000000000003b9ae90a/27/l652f]
[use.typekit.net/af/13e7c0/00000000000000003b9ae90a/27/d652f]
[use.typekit.net/vfn0yjg.css]
[use.typekit.net/af/13e7c0/00000000000000003b9ae90a/27/a652f]
[hcde-texas.org/media/cache/autoptimize/js/autoptimize_8dd4af9360fe6a042e9d0ea4c59ed6dc.js]
[hcde-texas.org/media/uploads/2019/04/AfterSchoolZoneUpdatedLogoWebsite-1-300x141.jpg]
[hcde-texas.org/media/uploads/2020/09/Partnership-Project-2020-2021-Award-Announcement.pdf]
[hcde-texas.org/after-school/afterschool-case-staff/index.html]
[hcde-texas.org/after-school/get-involved/index.html]
[hcde-texas.org/media/uploads/2020/09/CASE-webinars-updated-9.12.pdf]
[hcde-texas.org/after-school/training-and-events/index.html]
[hcde-texas.org/after-school/resources/index.html]
[hcde-texas.org/media/uploads/2020/04/Spring-Training-2020-Online-Version2.pdf]
[hcde-texas.org/media/uploads/2020/08/Updated-Quality-Framework-LIST-8.5.docx]
[hcde-texas.org/after-school/news-information/index.html]
[hcde-texas.org/after-school/programs-services/index.html]
[hcde-texas.org/media/uploads/2019/03/podcast2.0.jpg]
[hcde-texas.org/after-school/community-collaboration/index.html]
[pbs.twimg.com/profile_images/715942880460673024/mqwj4nI9_normal.jpg]
[hcde-texas.org/afterschool-zone/asz-resources/index.html]
[hcde-texas.org/media/uploads/2019/06/20180421_Ecobot_0049-768x495.jpg]
[hcde-texas.org/afterschool-zone/ost-opportunities/index.html]
[hcde-texas.org/media/uploads/2019/06/20180421_Ecobot_0263-768x483.jpg]
[hcde-texas.org/afterschool-zone/city-connections-lesson-plans-and-curriculum/index.html]
[hcde-texas.org/media/uploads/2019/06/Ecobot-Reveal-Day-14-768x514.jpg]
[hcde-texas.org/media/uploads/2019/06/423A7371-768x512.jpg]
[hcde-texas.org/cypherworx-ost-online-learning-platform/index.html]
[hcde-texas.org/after-school/case-blog/index.html]
[hcde-texas.org/media/uploads/2019/06/423A7374-768x512.jpg]
[hcde-texas.org/media/plugins/wp-carousel-free/public/js/slick.js]
[hcde-texas.org/afterschool-zone/summer-ost-resources/index.html]
[hcde-texas.org/media/plugins/wp-carousel-free/public/js/wp-carousel-free-public.js]
[hcde-texas.org/afterschool-zone/index.html]
[hcde-texas.org/afterschool-zone/human-resources/employee-portal/index.html]
[hcde-texas.org/afterschool-zone/public-information-request/index.html]
[hcde-texas.org/POST.8d.delayed]
[connect.facebook.net/en_US/fbevents.js]
[hcde-texas.org/media/cache/autoptimize/js/autoptimize_5c0a7bf2492b8252c64f6f20f197fdff.js]
[hcde-texas.org/faq/index.html]
[hcde-texas.org/contact/index.html]
[hcde-texas.org/adult-education/adult-education-staff/index.html]
[hcde-texas.org/faq/public-information-request/index.html]
[hcde-texas.org/faq/human-resources/employee-portal/index.html]
[hcde-texas.org/media/cache/autoptimize/js/autoptimize_a66738cd7816fa0a8b9f271c3acca9a4.js]
[hcde-texas.org/teach-and-lead/staff-contact-information/index.html]
[hcde-texas.org/head-start/staff/index.html]
[hcde-texas.org/media/uploads/2018/03/network-bg.png]
[hcde-texas.org/media/uploads/2020/09/2020-21HCDECalendar-20200910.pdf]
[hcde-texas.org/human-resources/human-resources-staff/index.html]
[hcde-texas.org/grants/center-for-grants-development-staff/index.html]
[hcde-texas.org/media/uploads/2020/08/School-District-Calendars-20-21.pdf]
[hcde-texas.org/business-services/purchasing/staff-contact-information/index.html]
[hcde-texas.org/records-management/records-management-staff/index.html]
[hcde-texas.org/media/uploads/2019/10/HCDECalendar2019-2020.pdf]
[hcde-texas.org/safe-and-secure-schools/safe-and-secure-schools-staff/index.html]
[hcde-texas.org/administrator/images/wpspin_light.gif]
[hcde-texas.org/calendar/index.html]
[hcde-texas.org/school-therapy/staff-contact-information/index.html]
[hcde-texas.org/contact/human-resources/employee-portal/index.html]
[hcde-texas.org/administrator/admin-ajax.html]
[hcde-texas.org/contact/public-information-request/index.html]
[hcde-texas.org/calendar/rhc-past-events/0/index.html]
[hcde-texas.org/media/plugins/hmenu/index.html]
[hcde-texas.org/calendar/rhc-upcoming-events/1/index.html]
[hcde-texas.org/media/plugins/hmenu/_frontend_files/_menu_1/_css/hero_menu_styles.css]
[hcde-texas.org/calendar/human-resources/employee-portal/index.html]
[hcde-texas.org/media/uploads/2018/07/HCDE_SignatureLogo-Full-Color_wWhite.svg]
[hcde-texas.org/calendar/public-information-request/index.html]
[hcde-texas.org/media/uploads/2018/09/about-bg-e1537471796787.png]
[hcde-texas.org/media/uploads/2019/04/HCDE-Quad-Fold-Final-April-10-2019-reversed.pdf]
[hcde-texas.org/media/uploads/2019/04/HCDE_AnnualReport_PrintReady.pdf]
[hcde-texas.org/media/plugins/pdf-embedder/js/all-pdfemb-basic.min.js]
[hcde-texas.org/media/plugins/pdf-embedder/js/pdfjs/pdf.min.js]
[hcde-texas.org/about-hcde/index.html]
[hcde-texas.org/professional-development/index.html]
[hcde-texas.org/tax-rate/index.html]
[hcde-texas.org/about-hcde/human-resources/employee-portal/index.html]
[hcde-texas.org/about-hcde/public-information-request/index.html]
[hcde-texas.org/media/cache/nextend/web/n2-ss-54/n2-ss-54110b.js]
[hcde-texas.org/media/cache/autoptimize/js/autoptimize_c698eea435d644b9751d6f9160b07e7f.js]
[hcde-texas.org/media/uploads/2019/04/coins.png]
[hcde-texas.org/media/uploads/2019/04/img_logo.png]
[hcde-texas.org/media/uploads/slider54/img_reading.jpg]
[hcde-texas.org/media/uploads/2019/04/img_adult-education.png]
[hcde-texas.org/adult-education]
[hcde-texas.org/media/uploads/slider55/img_arrow-left.png]
[hcde-texas.org/media/uploads/slider55/img_arrow-right.png]
[hcde-texas.org/media/uploads/slider55/img_after-school.jpg]
[hcde-texas.org/media/uploads/2019/04/img_head-start.jpg]
[hcde-texas.org/media/uploads/2019/04/img_schools.jpg]
[hcde-texas.org/media/uploads/2019/04/img_therapy-services.jpg]
[hcde-texas.org/media/uploads/2019/05/HCDE_AnnualReport_PDF-Non-Print.pdf]
[hcde-texas.org/impact/index.html]
[hcde-texas.org/research-evaluation/index.html]
[hcde-texas.org/impact/human-resources/employee-portal/index.html]
[hcde-texas.org/impact/public-information-request/index.html]
[hcde-texas.org/media/cache/nextend/web/n2-ss-53/n2-ss-533c6e.js]
[hcde-texas.org/media/uploads/2020/01/HCDEOrgChart09.03.19_R.jpg]
[hcde-texas.org/construction.b1.delayed]
[hcde-texas.org/education-and-enrichment-leadership-team/index.html]
[hcde-texas.org/about-hcde/organizational-map/index.html]
[hcde-texas.org/communications/index.html]
[hcde-texas.org/technology/index.html]
[hcde-texas.org/facilities/index.html]
[hcde-texas.org/client-engagement/index.html]
[hcde-texas.org/media/images/map-sm.html]
[hcde-texas.org/construction/index.html]
[hcde-texas.org/business-services/purchasing/index.html]
[hcde-texas.org/media/images/map.html]
[hcde-texas.org/business-services/index.html]
[hcde-texas.org/about-hcde/organizational-map/human-resources/employee-portal/index.html]
[hcde-texas.org/about-hcde/organizational-map/public-information-request/index.html]
[hcde-texas.org/media/images/HCDE.png]
[hcde-texas.org/media/images/head.png]
[hcde-texas.org/media/images/adult.png]
[hcde-texas.org/media/images/therapy.png]
[hcde-texas.org/media/images/after.png]
[hcde-texas.org/media/images/school.png]
[hcde-texas.org/media/images/hcdelogo.png]
[hcde-texas.org/media/images/head-main.png]
[hcde-texas.org/media/images/after-main.png]
[hcde-texas.org/media/images/adult-main.png]
[hcde-texas.org/media/images/pd.png]
[hcde-texas.org/media/images/tlc-main.png]
[hcde-texas.org/media/images/ss-main.png]
[hcde-texas.org/media/images/rm-main.png]
[hcde-texas.org/media/images/choice-main.png]
[hcde-texas.org/hcde-profile/index.html]
[hcde-texas.org/hcde-profile/human-resources/employee-portal/index.html]
[hcde-texas.org/hcde-profile/public-information-request/index.html]
[hcde-texas.org/media/uploads/2018/09/Mission-and-Vision-hi-res.png]
[hcde-texas.org/mission-vission/index.html]
[hcde-texas.org/mission-vission/human-resources/employee-portal/index.html]
[hcde-texas.org/mission-vission/public-information-request/index.html]
[hcde-texas.org/media/uploads/2018/09/Colbert2-400x500.jpg]
[hcde-texas.org/media/uploads/2019/03/Colbert-Speaking-Engagement.jpg]
[hcde-texas.org/media/uploads/2019/03/20180606_Safety_0006.jpg]
[hcde-texas.org/superintendents-connector/index.html]
[hcde-texas.org/media/uploads/2019/03/large-Colbert-at-Headstart1-1.jpg]
[hcde-texas.org/media/uploads/2018/08/20171017_Fortis_050.jpg]
[hcde-texas.org/media/uploads/2018/08/20171018_Board_001.jpg]
[hcde-texas.org/media/uploads/2018/09/Clark-Leadership-11.jpg]
[hcde-texas.org/media/uploads/2018/09/Vela-Leadership-11.jpg]
[hcde-texas.org/superintendent/index.html]
[hcde-texas.org/superintendent/human-resources/employee-portal/index.html]
[hcde-texas.org/superintendent/public-information-request/index.html]
[hcde-texas.org/media/uploads/2020/02/20191203_Leadership_014_R.jpg]
[hcde-texas.org/media/uploads/2018/09/jesus-1-300x375.jpg]
[hcde-texas.org/media/uploads/2018/09/Danielle-Bartz-1-304x380.jpg]
[hcde-texas.org/media/uploads/2018/09/danielle-clark2-303x380.jpg]
[hcde-texas.org/media/uploads/2018/09/parker_web-304x380.jpg]
[hcde-texas.org/staff-leadership-team/index.html]
[hcde-texas.org/media/uploads/2018/09/truitt_executivepage-304x380.jpg]
[hcde-texas.org/academic-support-services-leadership-team/index.html]
[hcde-texas.org/media/uploads/2018/09/large-Vela-head-shot-304x380.jpg]
[hcde-texas.org/communications-leadership-team/index.html]
[hcde-texas.org/media/uploads/2018/09/20170816_Mays_004_R-304x380.jpg]
[hcde-texas.org/facilities-leadership-team/index.html]
[hcde-texas.org/media/uploads/2018/09/ELT.jpg]
[hcde-texas.org/media/uploads/2018/09/Executive-Leadership-Bottom-Middle.png]
[hcde-texas.org/media/uploads/2020/01/20171214_Holiday_0008-2.jpg]
[hcde-texas.org/executive-leadership-team/index.html]
[hcde-texas.org/executive-leadership-team/human-resources/employee-portal/index.html]
[hcde-texas.org/executive-leadership-team/public-information-request/index.html]
[hcde-texas.org/media/uploads/2020/02/20191203_Leadership_006.jpg]
[hcde-texas.org/media/uploads/2019/08/20180206_SafeSecure_0011_R-303x380.jpg]
[hcde-texas.org/media/uploads/2018/09/20180816_Staff_0005-1-300x375.jpg]
[hcde-texas.org/media/uploads/2018/09/20170725_Breaux_018_R-304x380.jpg]
[hcde-texas.org/media/uploads/2018/09/20180124_ELT_0095_pp-304x380.jpg]
[hcde-texas.org/media/uploads/2018/09/large-Joe-Carreon-head-shot.jpg]
[hcde-texas.org/media/uploads/2018/10/20181010_Cooksey_0003_R-303x380.jpg]
[hcde-texas.org/media/uploads/2018/09/20180131_ELT_0019-304x380.jpg]
[hcde-texas.org/media/uploads/2018/09/Director-Curtis-Davis-253x380.jpg]
[hcde-texas.org/media/uploads/2018/09/20180816_Staff_0018-304x380.jpg]
[hcde-texas.org/media/uploads/2018/09/large-Jeff-Drury-head-shot-304x380.jpg]
[hcde-texas.org/media/uploads/2019/08/20190805_Einsel_0003_R-303x380.jpg]
[hcde-texas.org/media/uploads/2018/09/20180124_ELT_0020_pp-304x380.jpg]
[hcde-texas.org/media/uploads/2018/09/20180124_ELT_0118-1-304x380.jpg]
[hcde-texas.org/media/uploads/2018/09/20180907_Rawlinson_0008_R-1-304x380.jpg]
[hcde-texas.org/media/uploads/2018/09/20180531_Monroe_0007_pp-304x380.jpg]
[hcde-texas.org/media/uploads/2018/09/Anthony-Moten-304x380.jpg]
[hcde-texas.org/media/uploads/2018/09/20170816_Peacock_003_R-304x380.jpg]
[hcde-texas.org/media/uploads/2018/10/Prestigiacomo-head-shot-303x380.jpg]
[hcde-texas.org/media/uploads/2018/09/20180709_Ross_0003-1-304x380.jpg]
[hcde-texas.org/media/uploads/2019/09/20190813_Wright_0008_R.jpg]
[hcde-texas.org/media/uploads/2019/06/20190620_Jones_0001_R_F-1-303x380.jpg]
[hcde-texas.org/media/uploads/2018/09/20180124_ELT_0083_pp-304x380.jpg]
[hcde-texas.org/leadership-team/index.html]
[hcde-texas.org/leadership-team/human-resources/employee-portal/index.html]
[hcde-texas.org/leadership-team/public-information-request/index.html]
[hcde-texas.org/media/uploads/2020/06/Adult-Ed-Logo-2019-100.png]
[hcde-texas.org/media/uploads/2018/10/Business-Services-CB-Icon.png]
[hcde-texas.org/media/uploads/2018/09/case-division.png]
[hcde-texas.org/media/uploads/2018/09/CSSS-division.png]
[hcde-texas.org/media/uploads/2018/09/CP-division.png]
[hcde-texas.org/media/uploads/2018/09/ce.png]
[hcde-texas.org/media/uploads/2018/10/Communications.png]
[hcde-texas.org/media/uploads/2018/10/Construction-Services-Icon.png]
[hcde-texas.org/media/uploads/2018/10/ECA-Icon.png]
[hcde-texas.org/media/uploads/2018/10/Grants-Development-Icon.png]
[hcde-texas.org/media/uploads/2018/09/headstart-division.png]
[hcde-texas.org/media/uploads/2018/09/hr-icon.png]
[hcde-texas.org/media/uploads/2018/10/Facilities.png]
[hcde-texas.org/media/uploads/2018/10/Records-Management.png]
[hcde-texas.org/media/uploads/2020/06/REI_Logo_C-100x100.png]
[hcde-texas.org/media/uploads/2018/09/schools-division.png]
[hcde-texas.org/media/uploads/2018/10/technology-icon.png]
[hcde-texas.org/media/uploads/2018/09/therapy-division.png]
[hcde-texas.org/divisions/index.html]
[hcde-texas.org/divisions/human-resources/employee-portal/index.html]
[hcde-texas.org/divisions/public-information-request/index.html]
[hcde-texas.org/media/uploads/2019/12/Aldine-ISD.pdf]
[hcde-texas.org/media/uploads/2019/12/Alief-ISD.pdf]
[hcde-texas.org/media/uploads/2019/12/Channelview-ISD.pdf]
[hcde-texas.org/media/uploads/2019/12/Clear-Creek-ISD.pdf]
[hcde-texas.org/media/uploads/2019/12/Crosby-ISD.pdf]
[hcde-texas.org/media/uploads/2019/12/Cy-Fair-ISD.pdf]
[hcde-texas.org/media/uploads/2019/12/Dayton-ISD.pdf]
[hcde-texas.org/media/uploads/2019/12/Deer-Park-ISD.pdf]
[hcde-texas.org/media/uploads/2019/12/Galena-Park-ISD.pdf]
[hcde-texas.org/media/uploads/2019/12/Goose-Creek-ISD.pdf]
[hcde-texas.org/media/uploads/2019/12/Houston-ISD.pdf]
[hcde-texas.org/media/uploads/2019/12/Huffman-ISD.pdf]
[hcde-texas.org/media/uploads/2019/12/Humble-ISD.pdf]
[hcde-texas.org/media/uploads/2019/12/Katy-ISD.pdf]
[hcde-texas.org/media/uploads/2019/12/Klein-ISD.pdf]
[hcde-texas.org/media/uploads/2019/12/La-Porte-ISD.pdf]
[hcde-texas.org/media/uploads/2019/12/New-Caney-ISD.pdf]
[hcde-texas.org/media/uploads/2019/12/Pasadena-ISD.pdf]
[hcde-texas.org/media/uploads/2019/12/Pearland-ISD.pdf]
[hcde-texas.org/media/uploads/2019/12/Sheldon-ISD.pdf]
[hcde-texas.org/media/uploads/2019/12/Spring-ISD.pdf]
[hcde-texas.org/media/uploads/2019/12/Spring-Branch-ISD.pdf]
[hcde-texas.org/media/uploads/2019/12/Stafford-ISD.pdf]
[hcde-texas.org/media/uploads/2019/12/Tomball-ISD.pdf]
[hcde-texas.org/media/uploads/2019/12/Waller-ISD.pdf]
[hcde-texas.org/districts-served/index.html]
[hcde-texas.org/districts-served/human-resources/employee-portal/index.html]
[hcde-texas.org/districts-served/public-information-request/index.html]
[hcde-texas.org/media/uploads/2018/09/HCDE-Education-Foundation-1.jpg]
[hcde-texas.org/media/uploads/2018/10/Education-Foundation-1.jpg]
[hcde-texas.org/media/uploads/2020/06/EFHC-FY-2019-Audit-Report1.pdf]
[hcde-texas.org/media/uploads/2020/06/2018-2019-990.pdf]
[hcde-texas.org/media/uploads/2019/09/990-ending-8-31-18.pdf]
[hcde-texas.org/media/uploads/2019/09/990-ending-8-31-17.pdf]
[hcde-texas.org/media/uploads/2019/09/990-ending-8-31-16.pdf]
[hcde-texas.org/media/uploads/2018/09/We-Support-Educators-1.png]
[hcde-texas.org/education-foundation/index.html]
[hcde-texas.org/education-foundation/human-resources/employee-portal/index.html]
[hcde-texas.org/education-foundation/public-information-request/index.html]
[hcde-texas.org/public-information-request/index.html]
[hcde-texas.org/public-information-request/faq/index.html]
[hcde-texas.org/public-information-request/human-resources/employee-portal/index.html]
[hcde-texas.org/public-information-request/public-information-request/index.html]
[hcde-texas.org/media/uploads/2020/03/HCDE-Schools-Division-Parent-FAQ-Rev-B.pdf]
[hcde-texas.org/media/uploads/2020/03/Schools-Division-COVID-19-District-Partner-FAQ-Rev-B.pdf]
[hcde-texas.org/media/uploads/2020/03/Schools-Division-At-Home-Resources-Rev-B.pdf]
[hcde-texas.org/media/uploads/2018/07/20180425_TOY_0117-compressor.jpg]
[hcde-texas.org/media/uploads/2018/09/school-200x200.png]
[hcde-texas.org/media/uploads/2018/09/schools-page-pic2.jpg]
[hcde-texas.org/media/uploads/2018/09/schools-bottom-left.png]
[hcde-texas.org/media/uploads/2018/09/schools-bottom-middle.png]
[hcde-texas.org/media/uploads/2018/09/schools-bottom-right.png]
[hcde-texas.org/media/uploads/2018/10/Admin-fact-sheet.pdf]
[hcde-texas.org/schools/staff-contact-information/index.html]
[hcde-texas.org/schools/useful-information]
[hcde-texas.org/schools/index.html]
[hcde-texas.org/schools/useful-information/index.html]
[hcde-texas.org/schools/human-resources/employee-portal/index.html]
[hcde-texas.org/schools/public-information-request/index.html]
[hcde-texas.org/media/uploads/2018/08/20180328_Chess_0228-1-e1534363298102.jpg]
[hcde-texas.org/schools/east/about-east/index.html]
[hcde-texas.org/media/uploads/2018/08/Eagles_final-6-460x390.png]
[hcde-texas.org/schools/east/parents-students/index.html]
[hcde-texas.org/media/uploads/2020/08/Student-Parent-2020-2021-Handbook-20200824.pdf]
[hcde-texas.org/schools/east/resources__trashed/index.html]
[hcde-texas.org/media/uploads/2020/08/FY21-Student-Staff-Calendars-20200824.pdf]
[hcde-texas.org/media/uploads/2018/10/2018-2019-ABSE-Calendar-of-Events.pdf]
[hcde-texas.org/schools/east/abs-east-staff/index.html]
[hcde-texas.org/schools/curriculum/index.html]
[hcde-texas.org/media/uploads/2018/07/20170911_FDS_292-1-e1534364289625.jpg]
[hcde-texas.org/schools/east/curriculum/index.html]
[hcde-texas.org/media/uploads/2018/07/20180420_TOY_0033-compressor.jpg]
[hcde-texas.org/schools/east/abs-east-events/index.html]
[hcde-texas.org/media/uploads/2018/07/20180425_TOY_0059-compressor.jpg]
[hcde-texas.org/schools/east/index.html]
[hcde-texas.org/media/uploads/2018/07/20171201_ABWest_0152-compressor.jpg]
[hcde-texas.org/media/uploads/2018/05/20180406_TOY_0142-compressor.jpg]
[hcde-texas.org/schools/west/about-west/index.html]
[hcde-texas.org/media/uploads/2018/08/knights_final-7-460x390.png]
[hcde-texas.org/schools/west/parents-students/index.html]
[hcde-texas.org/media/uploads/2018/10/ABS-West-2018-2019-Events-Calendar-10-24-2018-for-Mr.-Mays.pdf]
[hcde-texas.org/schools/west/resources/index.html]
[hcde-texas.org/media/uploads/2018/07/20170713_ABW_Drones_158-1.jpg]
[hcde-texas.org/schools/west/abs-west-staff/index.html]
[hcde-texas.org/media/uploads/2019/07/IMG_0596.jpg]
[hcde-texas.org/schools/west/curriculum/index.html]
[hcde-texas.org/media/uploads/2019/07/IMG_1756.jpg]
[hcde-texas.org/media/uploads/2019/07/IMG_1151.jpg]
[hcde-texas.org/media/uploads/2019/07/HORSETHERAPY1.jpg]
[hcde-texas.org/media/uploads/2019/07/HORSETHERAPY2.jpg]
[hcde-texas.org/media/uploads/2019/07/HORSETHERAPY3.jpg]
[hcde-texas.org/media/uploads/2019/07/MUSICTHERAPY2.jpg]
[hcde-texas.org/media/uploads/2019/07/MUSICTHERAPY.jpg]
[hcde-texas.org/media/uploads/2019/07/musictherapy3.jpg]
[hcde-texas.org/schools/west/index.html]
[hcde-texas.org/schools/sign/index.html]
[hcde-texas.org/media/uploads/2018/09/Fortis-Header-Image.jpg]
[hcde-texas.org/media/uploads/2018/08/fortis-logo-6-460x390.png]
[hcde-texas.org/schools/fortis-academy/parents-students/index.html]
[hcde-texas.org/schools/fortis-academy/resources/index.html]
[hcde-texas.org/fortis-academy/FAQ]
[hcde-texas.org/schools/fortis-academy/fortis-academy-staff/index.html]
[hcde-texas.org/schools/fortis/curriculum/index.html]
[hcde-texas.org/media/uploads/2018/04/Fortis-Academy.jpg]
[hcde-texas.org/schools/fortis-academy/the-spotlight/index.html]
[hcde-texas.org/schools/fortis-academy/faq/index.html]
[hcde-texas.org/media/uploads/2018/09/Fortis-Bottom-Left1.jpg]
[hcde-texas.org/media/uploads/2018/09/Fortis-Bottom-Middle1.jpg]
[hcde-texas.org/media/uploads/2018/04/20180423_Fortis_0060-003-e1531922926668.jpg]
[hcde-texas.org/schools/fortis-academy/index.html]
[hcde-texas.org/media/uploads/2020/01/Schools-Division-Highpoint-Fact-Sheets-2018-2019.pdf]
[hcde-texas.org/media/uploads/2018/07/20180427_TeenSummit_0232-compressor-e1534363851536.jpg]
[hcde-texas.org/schools/highpoint/parents-students/index.html]
[hcde-texas.org/media/uploads/2018/08/highpoint-logo-7-460x390.png]
[hcde-texas.org/schools/highpoint/resources/index.html]
[hcde-texas.org/media/uploads/2018/09/resized-Middle-Pic-Highpoint-1.png]
[hcde-texas.org/schools/highpoint/highpoint-staff/index.html]
[hcde-texas.org/schools/highpoint/curriculum/index.html]
[hcde-texas.org/media/uploads/2018/09/Highpoint-Bottom-Left1.jpg]
[hcde-texas.org/media/uploads/2018/09/highpoint-bottom-center.png]
[hcde-texas.org/media/uploads/2018/09/Highpoint-Bottom-Right1.jpg]
[hcde-texas.org/schools/highpoint/index.html]
[hcde-texas.org/media/uploads/2018/09/headstart-logo-200x200.png]
[hcde-texas.org/media/uploads/2020/06/Head-Start-Map-2020-F.pdf]
[hcde-texas.org/head-start/apply/index.html]
[hcde-texas.org/media/uploads/2018/02/map-blue.png]
[hcde-texas.org/head-start/Aplica/index.html]
[hcde-texas.org/media/uploads/2018/06/20170911_FDS_095-compressor.jpg]
[hcde-texas.org/head-start/programs-services/index.html]
[hcde-texas.org/media/uploads/2018/06/20180420_HeadStart_0093-compressor.jpg]
[hcde-texas.org/media/uploads/2018/06/20180502_Cruz_0157-compressor.jpg]
[hcde-texas.org/head-start/volunteer/index.html]
[hcde-texas.org/head-start/index.html]
[hcde-texas.org/head-start/news-reports/index.html]
[hcde-texas.org/head-start/human-resources/employee-portal/index.html]
[hcde-texas.org/head-start/public-information-request/index.html]
[hcde-texas.org/media/uploads/2018/10/Case-Header.jpg]
[hcde-texas.org/media/uploads/2018/09/large-large-CASE-Logo-400x68.png]
[hcde-texas.org/training-and-events]
[hcde-texas.org/media/uploads/2019/10/CASE-Logo-Stacked-2019.png]
[hcde-texas.org/media/uploads/2020/04/Spring-Training-2020-Online-Version.pdf]
[hcde-texas.org/head-start/resources/index.html]
[hcde-texas.org/covid-information/educator-resources.17c.delayed]
[hcde-texas.org/covid-information/educator-resources/index.html]
[hcde-texas.org/media/uploads/2018/06/423a4629-e1529349694603.jpg]
[hcde-texas.org/media/uploads/2018/09/after-school-bottom-middle.png]
[hcde-texas.org/media/uploads/2018/05/20180421_Ecobot_0049-compressor.jpg]
[hcde-texas.org/after-school/afterschool-case-staff.180.delayed]
[hcde-texas.org/after-school/index.html]
[hcde-texas.org/after-school/human-resources/employee-portal/index.html]
[hcde-texas.org/after-school/public-information-request/index.html]
[hcde-texas.org/media/uploads/2018/01/421A6713.jpg]
[hcde-texas.org/media/uploads/2020/06/Adult-Ed-Logo-2019-W-300-200x200.png]
[hcde-texas.org/media/uploads/2020/08/2020-AE-Fall-Schedule.jpg]
[hcde-texas.org/adult-education/faq/index.html]
[hcde-texas.org/media/uploads/2019/08/Adult-Ed-Web-Calendar-Workforce.pdf]
[hcde-texas.org/media/uploads/2018/05/20180410_PipeFitting_0084-compressor.jpg]
[hcde-texas.org/media/uploads/2018/05/20171211_NHS_0056-compressor.jpg]
[hcde-texas.org/media/uploads/2018/05/20180519_GED_0105-compressor.jpg]
[hcde-texas.org/media/uploads/2018/05/20180502_TDI_0003-compressor.jpg]
[hcde-texas.org/media/uploads/2019/12/Adult-Ed-Web-Calendar-Distance.pdf]
[hcde-texas.org/adult-education/adult-education-staff.18b.delayed]
[hcde-texas.org/adult-education/index.html]
[hcde-texas.org/adult-education/success-stories/index.html]
[hcde-texas.org/adult-education/additional-resources/index.html]
[hcde-texas.org/adult-education/human-resources/employee-portal/index.html]
[hcde-texas.org/media/uploads/2018/09/20180307_Therapy_0121-compressor-1.jpg]
[hcde-texas.org/adult-education/public-information-request/index.html]
[hcde-texas.org/media/uploads/2018/09/Therapy-Services-Logo-Icon-for-web-200x200.png]
[hcde-texas.org/media/uploads/2018/09/Therapy-Services-Bottom-Right-1.png]
[hcde-texas.org/school-therapy/partner/index.html]
[hcde-texas.org/media/uploads/2018/06/20180307_Therapy_0012-compressor.jpg]
[hcde-texas.org/school-therapy/who-are/index.html]
[hcde-texas.org/media/uploads/2018/09/Therapy-Bottom-Middle1.jpg]
[hcde-texas.org/school-therapy/join-our-team/index.html]
[hcde-texas.org/media/uploads/2018/09/Leadership-photo-gallery2.jpg]
[hcde-texas.org/school-therapy/index.html]
[hcde-texas.org/school-therapy/success-stories/index.html]
[hcde-texas.org/school-therapy/faq/index.html]
[hcde-texas.org/school-therapy/human-resources/employee-portal/index.html]
[hcde-texas.org/media/uploads/2018/09/Scholastic-Header.jpg]
[hcde-texas.org/media/uploads/2018/09/Scholastic-Art-and-Writing.png]
[hcde-texas.org/school-therapy/public-information-request/index.html]
[hcde-texas.org/media/uploads/2020/02/Scholastic-KEY-DATES-2020.pdf]
[hcde-texas.org/media/uploads/2020/03/Scholastic-Gold-and-Silver-Medalists-Sheet_final.pdf]
[hcde-texas.org/regional-award-recipients/index.html]
[hcde-texas.org/media/uploads/2018/09/academic-awards-2.jpg]
[hcde-texas.org/media/uploads/2018/09/academic-awards-3.jpg]
[hcde-texas.org/media/uploads/2018/09/academic-awards-1.jpg]
[hcde-texas.org/scholastic-awards/index.html]
[hcde-texas.org/scholastic-awards/catalogs/index.html]
[hcde-texas.org/scholastic-awards/video-features/index.html]
[hcde-texas.org/media/uploads/2018/08/20180606_Safety_0209-1.jpg]
[hcde-texas.org/scholastic-awards/human-resources/employee-portal/index.html]
[hcde-texas.org/scholastic-awards/public-information-request/index.html]
[hcde-texas.org/media/uploads/2018/08/CSSS-LOGO-Color-200x200.png]
[hcde-texas.org/media/uploads/2020/09/new.png]
[hcde-texas.org/media/uploads/2018/08/20180521_CSSS_0047.jpg]
[hcde-texas.org/media/uploads/2018/09/large-Safet-pic-for-WEB-e1537372730218.jpg]
[hcde-texas.org/media/uploads/2018/09/large-Safety-pic-for-WEB2.jpg]
[hcde-texas.org/safe-and-secure-schools/division-highlights.1a2.delayed]
[hcde-texas.org/safe-and-secure-schools/division-highlights/index.html]
[hcde-texas.org/safe-and-secure-schools/resources/index.html]
[hcde-texas.org/safe-and-secure-schools-staff.1a3.delayed]
[hcde-texas.org/safe-and-secure-schools/safe-and-secure-schools/member-benefits]
[hcde-texas.org/safe-and-secure-schools/index.html]
[hcde-texas.org/safe-and-secure-schools/member-benefits/index.html]
[hcde-texas.org/safe-and-secure-schools/human-resources/employee-portal/index.html]
[hcde-texas.org/safe-and-secure-schools/public-information-request/index.html]
[hcde-texas.org/media/uploads/2018/10/culture-bg.png]
[hcde-texas.org/media/uploads/2020/04/CE-COVID-19-SCREEN-SHOT-1-300x246.png]
[hcde-texas.org/media/uploads/2019/12/teacher-md.png]
[hcde-texas.org/safe-and-secure-schools/culture-climate/index.html]
[hcde-texas.org/safe-and-secure-schools/culture-climate/human-resources/employee-portal/index.html]
[hcde-texas.org/safe-and-secure-schools/culture-climate/public-information-request/index.html]
[hcde-texas.org/safe-and-secure-schools/emergency-planning/index.html]
[hcde-texas.org/safe-and-secure-schools/emergency-planning/human-resources/employee-portal/index.html]
[hcde-texas.org/safe-and-secure-schools/emergency-planning/public-information-request/index.html]
[hcde-texas.org/media/uploads/2018/10/auditing-bg.png]
[hcde-texas.org/media/uploads/2017/11/20170925_Backpacks_083-compressor.jpg]
[hcde-texas.org/safe-and-secure-schools/facility-auditing/index.html]
[hcde-texas.org/csss-workshops/index.html]
[hcde-texas.org/safe-and-secure-schools/facility-auditing/public-information-request/index.html]
[hcde-texas.org/safe-and-secure-schools/facility-auditing/human-resources/employee-portal/index.html]
[hcde-texas.org/csss-workshops/human-resources/employee-portal/index.html]
[hcde-texas.org/media/uploads/2018/09/Center-For-Grants-Development.jpg]
[hcde-texas.org/csss-workshops/public-information-request/index.html]
[hcde-texas.org/media/uploads/2019/09/Center-for-Grants-Logo-2019-Final-002-200x165.png]
[hcde-texas.org/media/uploads/2018/10/CGD-AB-West-Garden-32.jpg]
[hcde-texas.org/media/uploads/2018/10/large-CGD-Whatburger-Gift-Basket-Donation-600x400.jpg]
[hcde-texas.org/media/uploads/2018/09/grant-2.jpg]
[hcde-texas.org/media/uploads/2018/10/CGD-Lady-with-book2.png]
[hcde-texas.org/grants/index.html]
[hcde-texas.org/grants/who-are/index.html]
[hcde-texas.org/grants/division-highlights/index.html]
[hcde-texas.org/grants/resources/index.html]
[hcde-texas.org/grants/human-resources/employee-portal/index.html]
[hcde-texas.org/grants/consultants/index.html]
[hcde-texas.org/grants/public-information-request/index.html]
[hcde-texas.org/grants/who-are/public-information-request/index.html]
[hcde-texas.org/grants/who-are/human-resources/employee-portal/index.html]
[hcde-texas.org/grants/consultants/human-resources/employee-portal/index.html]
[hcde-texas.org/grants/consultants/public-information-request/index.html]
[hcde-texas.org/workshops.1b8.delayed]
[hcde-texas.org/grants/writing/index.html]
[hcde-texas.org/workshops/index.html]
[hcde-texas.org/media/uploads/2018/10/20180907_DeWitt_0088-resized.jpg]
[hcde-texas.org/grants/writing/public-information-request/index.html]
[hcde-texas.org/grants/writing/human-resources/employee-portal/index.html]
[hcde-texas.org/media/uploads/2018/10/ECA-Logo-2018-web-Icon-e1540846947775.png]
[hcde-texas.org/consumer-information]
[hcde-texas.org/media/uploads/2018/09/ECA-Middle-With-Text1.jpg]
[hcde-texas.org/media/uploads/2018/05/20180213_Leadership_0145-compressor.jpg]
[hcde-texas.org/media/uploads/2018/05/20180213_Leadership_0213-compressor.jpg]
[hcde-texas.org/media/uploads/2018/09/eca-bottom-right.png]
[hcde-texas.org/teach-and-lead/index.html]
[hcde-texas.org/teach-and-lead/consumer-information/index.html]
[hcde-texas.org/educator-certification/teacher-certification/index.html]
[hcde-texas.org/educator-certification/principal-certification/index.html]
[hcde-texas.org/media/uploads/2018/10/Teacher-Certification-header.png]
[hcde-texas.org/media/uploads/2020/02/Appendix-D_TeacherProgram_Elemenatary_Calendar-of-Activities_2019-2020_HCDE.pdf]
[hcde-texas.org/educator-certification/superintendent-certification/index.html]
[hcde-texas.org/teach-and-lead/teacher-certification/index.html]
[hcde-texas.org/educator-certification/leadership-development/index.html]
[hcde-texas.org/recruitment-seminars/index.html]
[hcde-texas.org/educator-certification/texes-exam-preparation/index.html]
[hcde-texas.org/educator-certification/staff-contact-information/index.html]
[hcde-texas.org/teach-and-lead/human-resources/employee-portal/index.html]
[hcde-texas.org/media/uploads/2018/10/Principal-Certification.png]
[hcde-texas.org/teach-and-lead/teacher-certification/faq/index.html]
[hcde-texas.org/teach-and-lead/teacher-certification/teacher-admissions-criteria/index.html]
[hcde-texas.org/teach-and-lead/public-information-request/index.html]
[hcde-texas.org/media/uploads/2018/11/principalacademyapplication.pdf]
[hcde-texas.org/media/uploads/2018/05/20180213_Leadership_0153-compressor.jpg]
[hcde-texas.org/media/uploads/2020/02/Appendix-D_PrincipalProgram_Calendar-of-Activities_2019-2020_HCDE.pdf]
[hcde-texas.org/teach-and-lead/teacher-certification/fees/index.html]
[hcde-texas.org/teach-and-lead/teacher-certification/payment/index.html]
[hcde-texas.org/teach-and-lead/principal-certification/index.html]
[hcde-texas.org/teach-and-lead/teacher-certification/human-resources/employee-portal/index.html]
[hcde-texas.org/teach-and-lead/principal-certification/principal-admission-criteria/index.html]
[hcde-texas.org/teach-and-lead/principal-certification/faq/index.html]
[hcde-texas.org/teach-and-lead/teacher-certification/public-information-request/index.html]
[hcde-texas.org/teach-and-lead/principal-certification/framework/index.html]
[hcde-texas.org/media/uploads/2019/04/20180213_Leadership_0262.jpg]
[hcde-texas.org/media/uploads/2019/04/Superintendent-Cert-Institute-Application-for-Admission-Form_041019_fillable.pdf]
[hcde-texas.org/teach-and-lead/principal-certification/fees/index.html]
[hcde-texas.org/media/uploads/2020/02/Appendix-D_SuperintendentProgram_Calendars-of-Activities_2019-2020_HCDE.pdf]
[hcde-texas.org/teach-and-lead/principal-certification/human-resources/employee-portal/index.html]
[hcde-texas.org/teach-and-lead/payment/index.html]
[hcde-texas.org/teach-and-lead/superintendent-certification/index.html]
[hcde-texas.org/teach-and-lead/principal-certification/public-information-request/index.html]
[hcde-texas.org/teach-and-lead/superintendent-certification/public-information-request/index.html]
[hcde-texas.org/teach-and-lead/superintendent-certification/human-resources/employee-portal/index.html]
[hcde-texas.org/teach-and-lead/leadership-development/index.html]
[hcde-texas.org/media/uploads/2018/10/20180213_Leadership_0329-resized.png]
[hcde-texas.org/teach-and-lead/leadership-development/public-information-request/index.html]
[hcde-texas.org/teach-and-lead/leadership-development/human-resources/employee-portal/index.html]
[hcde-texas.org/media/uploads/2018/10/ewc-resised-2.png]
[hcde-texas.org/media/uploads/2018/09/tlc-200x200.png]
[hcde-texas.org/teaching-and-learning-center/leadership]
[hcde-texas.org/teaching-and-learning-center-workshops/index.html]
[hcde-texas.org/calendar/tlc/index.html]
[hcde-texas.org/teaching-and-learning-center/early-childhood]
[hcde-texas.org/media/uploads/2020/08/class-books-pixabay-stevepb.jpg]
[hcde-texas.org/media/uploads/2018/10/TLC-2018-2019-Calendar-Final-Copy.pdf]
[hcde-texas.org/media/uploads/2018/06/20180118_Serravallo_0038-compressor.jpg]
[hcde-texas.org/teaching-and-learning-center/ecwc/index.html]
[hcde-texas.org/media/uploads/2018/06/20180226_Writers_0047-compressor.jpg]
[hcde-texas.org/media/uploads/2018/06/20180327_CyberSecurity_0129-compressor.jpg]
[hcde-texas.org/teaching-and-learning-center/teaching-learning-center-staff/index.html]
[hcde-texas.org/teaching-and-learning-center/index.html]
[hcde-texas.org/teaching-and-learning-center/human-resources/employee-portal/index.html]
[hcde-texas.org/teaching-and-learning-center/public-information-request/index.html]
[hcde-texas.org/media/uploads/2020/08/shutterstock_1713193648-e1597067231381.jpg]
[hcde-texas.org/media/uploads/2020/08/shutterstock_1368057380.jpg]
[hcde-texas.org/media/uploads/2020/08/TLC-Workshop-Flyer-Virtual-Learning-Instructor-Cert-20200820.pdf]
[hcde-texas.org/media/uploads/2020/08/tlc-whole-flyer.jpg]
[hcde-texas.org/media/uploads/2020/08/shutterstock_1135201928-e1597070700544.jpg]
[hcde-texas.org/teaching-and-learning-center/digital-learning/index.html]
[hcde-texas.org/teaching-and-learning-center/digital-learning/human-resources/employee-portal/index.html]
[hcde-texas.org/teaching-and-learning-center/digital-learning/public-information-request/index.html]
[hcde-texas.org/media/uploads/2020/08/shutterstock_1165541275-e1597074400508.jpg]
[hcde-texas.org/media/uploads/2020/08/shutterstock_1341592322-e1597074876996.jpg]
[hcde-texas.org/teaching-and-learning-center/early-childhood/index.html]
[hcde-texas.org/teaching-and-learning-center/early-childhood/human-resources/employee-portal/index.html]
[hcde-texas.org/teaching-and-learning-center/early-childhood/public-information-request/index.html]
[hcde-texas.org/media/uploads/2020/08/shutterstock_1150902248.jpg]
[hcde-texas.org/teaching-and-learning-center/ela/index.html]
[hcde-texas.org/teaching-and-learning-center/ela/human-resources/employee-portal/index.html]
[hcde-texas.org/teaching-and-learning-center/ela/public-information-request/index.html]
[hcde-texas.org/media/uploads/2020/08/math-pexels-magda-ehlers-e1596762778437.jpg]
[hcde-texas.org/teaching-and-learning-center/math/index.html]
[hcde-texas.org/teaching-and-learning-center/math/human-resources/employee-portal/index.html]
[hcde-texas.org/teaching-and-learning-center/math/public-information-request/index.html]
[hcde-texas.org/media/uploads/2020/08/shutterstock_696427978-e1597071794328.jpg]
[hcde-texas.org/media/uploads/2020/08/shutterstock_1010986648-e1597072881684.jpg]
[hcde-texas.org/teaching-and-learning-center/leadership/index.html]
[hcde-texas.org/teaching-and-learning-center/leadership/human-resources/employee-portal/index.html]
[hcde-texas.org/teaching-and-learning-center/leadership/public-information-request/index.html]
[hcde-texas.org/media/uploads/2020/08/shutterstock_1029243295-e1596828618333.jpg]
[hcde-texas.org/media/uploads/2018/12/Vertical-Alignment-K-5-Science.pdf]
[hcde-texas.org/media/uploads/2018/12/Vertical-Alignment-6-12-Science.pdf]
[hcde-texas.org/media/uploads/2018/12/Vertical-Alignment-K-5-Literacy-Color.pdf]
[hcde-texas.org/media/uploads/2018/12/Cognitive-Rigor-Matrix-for-Science.pdf]
[hcde-texas.org/media/uploads/2020/08/shutterstock_587491055-e1596836253642.jpg]
[hcde-texas.org/teaching-and-learning-center/science/index.html]
[hcde-texas.org/teaching-and-learning-center/science/human-resources/employee-portal/index.html]
[hcde-texas.org/teaching-and-learning-center/science/public-information-request/index.html]
[hcde-texas.org/media/uploads/2020/08/shutterstock_636281354-e1597062060364.jpg]
[hcde-texas.org/media/uploads/2020/08/shutterstock_772801951-e1597062482253.jpg]
[hcde-texas.org/media/uploads/2020/08/shutterstock_1103221121.jpg]
[hcde-texas.org/teaching-and-learning-center/special-populations/index.html]
[hcde-texas.org/teaching-and-learning-center/special-populations/human-resources/employee-portal/index.html]
[hcde-texas.org/teaching-and-learning-center/special-populations/public-information-request/index.html]
[hcde-texas.org/media/uploads/2018/05/20171025_Food_121-compressor.jpg]
[hcde-texas.org/media/uploads/2018/08/CP-Seal-2018-2-200x200.png]
[hcde-texas.org/media/uploads/2018/05/20171027_Vendors_video-compressor.jpg]
[hcde-texas.org/media/uploads/2018/05/20171027_Vendors_084-compressor.jpg]
[hcde-texas.org/media/uploads/2018/09/20171025_Food_141.png]
[hcde-texas.org/media/uploads/2018/09/20171027_Vendors_174.png]
[hcde-texas.org/choice-partners/index.html]
[hcde-texas.org/choice-partners/choice-partners-staff/index.html]
[hcde-texas.org/choice-partners/human-resources/employee-portal/index.html]
[hcde-texas.org/choice-partners/public-information-request/index.html]
[hcde-texas.org/media/uploads/2018/09/Records-Management-31-e1597323282321.jpg]
[hcde-texas.org/media/uploads/2018/10/Records-200x200-200x200.png]
[hcde-texas.org/media/uploads/2020/08/hcde-records-management-2.jpg]
[hcde-texas.org/records-management/resources/index.html]
[hcde-texas.org/media/uploads/2020/08/hcde-records-management.jpg]
[hcde-texas.org/records-management/index.html]
[hcde-texas.org/records-management/document-imaging/index.html]
[hcde-texas.org/records-management/secure-destruction/index.html]
[hcde-texas.org/records-management/record-storage/index.html]
[hcde-texas.org/records-management/faq/index.html]
[hcde-texas.org/records-management/human-resources/employee-portal/index.html]
[hcde-texas.org/teach-and-lead/texes-exam-preparation/index.html]
[hcde-texas.org/records-management/public-information-request/index.html]
[hcde-texas.org/media/uploads/2020/03/FFCRA_Poster_WH1422_Non-Federal-1.pdf]
[hcde-texas.org/teach-and-lead/texes-exam-preparation/human-resources/employee-portal/index.html]
[hcde-texas.org/media/uploads/2020/06/Pre-Employment-Affidavit-for-Applicants-No-Notarization.pdf]
[hcde-texas.org/human-resources/employee-portal/index.html]
[hcde-texas.org/human-resources/employee-portal/quick-links/index.html]
[hcde-texas.org/teach-and-lead/texes-exam-preparation/public-information-request/index.html]
[hcde-texas.org/human-resources/employee-portal/human-resources/employee-portal/index.html]
[hcde-texas.org/human-resources/employee-portal/public-information-request/index.html]
[hcde-texas.org/media/uploads/2018/09/Human-Resources.jpg]
[hcde-texas.org/media/uploads/2018/09/hr-200x200.png]
[hcde-texas.org/media/uploads/2018/09/20171213_Holiday_0096-e1536354461682.jpg]
[hcde-texas.org/media/uploads/2018/09/20171214_Holiday_0012-e1536354379557.jpg]
[hcde-texas.org/media/uploads/2018/09/20171213_Holiday_0168-e1536354409763.jpg]
[hcde-texas.org/human-resources/human-resources-staff]
[hcde-texas.org/human-resources/index.html]
[hcde-texas.org/human-resources/public-information-request/index.html]
[hcde-texas.org/human-resources/human-resources/employee-portal/index.html]
[hcde-texas.org/media/uploads/2019/12/20190515_Board_0003.jpg]
[hcde-texas.org/superintendent]
[hcde-texas.org/board-trustees/index.html]
[hcde-texas.org/meet-the-board/index.html]
[hcde-texas.org/election-process/index.html]
[hcde-texas.org/board-trustees/human-resources/employee-portal/index.html]
[hcde-texas.org/board-trustees/public-information-request/index.html]
[hcde-texas.org/media/uploads/2018/07/Eric-Dick-compressor-400x495.jpg]
[hcde-texas.org/media/uploads/2019/01/Danny_Norris-1-400x495.jpg]
[hcde-texas.org/media/uploads/2019/01/rich-400x495.jpg]
[hcde-texas.org/media/uploads/2020/01/20191218_Duhon_002_R_Web-400x495.jpg]
[hcde-texas.org/media/uploads/2020/08/Hinojosa-headshot-400x495.jpg]
[hcde-texas.org/media/uploads/2018/07/Don-Sumners-compressor-400x495.jpg]
[hcde-texas.org/media/uploads/2018/07/Mike-Wolfe-compressor-400x495.jpg]
[hcde-texas.org/media/uploads/2019/12/20191218_Board_032.jpg]
[hcde-texas.org/media/uploads/2019/12/20191218_Board_162.jpg]
[hcde-texas.org/media/uploads/2019/12/20190917_Sumners_035.jpg]
[hcde-texas.org/media/uploads/2019/12/20191218_Board_152.jpg]
[hcde-texas.org/media/uploads/2019/03/20190227_Board_0010_W.jpg]
[hcde-texas.org/media/uploads/2019/03/20190116_Board_0132_W.jpg]
[hcde-texas.org/media/uploads/2019/03/20190116_Board_0123_W.jpg]
[hcde-texas.org/media/uploads/2019/03/20180815_Board_0030_W.jpg]
[hcde-texas.org/board-trustees/meet-the-board/index.html]
[hcde-texas.org/media/uploads/2020/08/shutterstock_178464512-e1597669470289.jpg]
[hcde-texas.org/board-trustees/meet-the-board/human-resources/employee-portal/index.html]
[hcde-texas.org/board-trustees/meet-the-board/public-information-request/index.html]
[hcde-texas.org/media/uploads/2020/09/9-16-2020-Board-Agenda.pdf]
[hcde-texas.org/board-trustees/board-agenda/board-agenda-archive-2019/index.html]
[hcde-texas.org/media/uploads/2020/09/9-16-2020-Posting-for-Policy-Committee-Meeting.pdf]
[hcde-texas.org/board-trustees/board-agenda/board-agenda-archive-2018/index.html]
[hcde-texas.org/board-trustees/board-agenda/board-agenda-archive-2017/index.html]
[hcde-texas.org/media/uploads/2020/09/9-16-2020-Posting-for-Regular-Board-Meeting-1.pdf]
[hcde-texas.org/board-trustees/board-agenda/board-agenda-archive-2016/index.html]
[hcde-texas.org/media/uploads/2020/08/8-31-2020-Posting-for-PFC.pdf]
[hcde-texas.org/board-agenda-archive-2015/index.html]
[hcde-texas.org/board-trustees/board-agenda/board-agenda-archive-2014/index.html]
[hcde-texas.org/media/uploads/2020/08/8-19-2020BoardAgenda.pdf]
[hcde-texas.org/media/uploads/2020/08/8-19-2020-Addendum-Posting-for-Regular-Board-Meeting.pdf]
[hcde-texas.org/media/uploads/2020/08/8-19-2020-Posting-for-Regular-Board-Meeting1.pdf]
[hcde-texas.org/media/uploads/2020/08/8-13-2020-Posting-for-Policy-Committee-Meeting.pdf]
[hcde-texas.org/media/uploads/2020/07/8-03-2020-Special-Board-Meeting-Agenda-1.pdf]
[hcde-texas.org/media/uploads/2020/07/8-03-2020-Posting-for-Special-Board-Meeting.pdf]
[hcde-texas.org/media/uploads/2020/07/7-15-2020-Board-Meeting-Agenda-1.pdf]
[hcde-texas.org/media/uploads/2020/07/7-15-2020-Posting-for-Regular-Board-Meeting-swl-revised-7.8.2020.pdf]
[hcde-texas.org/media/uploads/2020/07/7-07-2020-Posting-for-Special-Called-Meeting-and-Budget-Workshop.pdf]
[hcde-texas.org/media/uploads/2020/06/June-29-2020-PFC-Mtg_Zoom-swl-6.25.2020.pdf]
[hcde-texas.org/media/uploads/2020/06/6-26-2020-Budget-Workshop-swl-6.20.2020.pdf]
[hcde-texas.org/media/uploads/2020/06/6-22-2020-Feasibility-Committee-Meeting-Posting.pdf]
[hcde-texas.org/media/uploads/2020/06/6-17-2020-Board-Agenda.pdf]
[hcde-texas.org/media/uploads/2020/06/6-17-2020-Regular-Board-Meeting.pdf]
[hcde-texas.org/media/uploads/2020/06/6-17-2020-Policy-Committee-Meeting-Posting.docx]
[hcde-texas.org/media/uploads/2020/05/5-19-2020-Policy-Committee-Meeting_woa-revised-5.15.2020.pdf]
[hcde-texas.org/media/uploads/2020/05/5-20-2020-Board-Meeting-Agenda-Final-2.pdf]
[hcde-texas.org/media/uploads/2020/05/5-20-2020-Posting-for-PFC-Meeting.pdf]
[hcde-texas.org/media/uploads/2020/04/04-15-2020-Board-Meeting.pdf]
[hcde-texas.org/media/uploads/2020/03/HCDE-Emergency-called-mtg.-via-telephone-re-COVID-19-swl-3.19.2020-.pdf]
[hcde-texas.org/media/uploads/2020/02/02-26-2020-PFC-Meeting.pdf]
[hcde-texas.org/media/uploads/2020/02/02-26-2020-Posting-for-Regular-Board-Meeting.pdf]
[hcde-texas.org/media/uploads/2020/02/02-26-2020-Board-Agenda-GENERAL-COPY.pdf]
